// Jest Snapshot v1, https://goo.gl/fbAQLP

exports[`LoadingSpinner Component should render correctly 1`] = `
<div>
  Loading....
</div>
`;
